// Jest Snapshot v1, https://goo.gl/fbAQLP

exports[`app mounted 1`] = `
<div>
  <div
    class="md-radio-group"
  >
    <label
      class="md-radio-wrapper"
      style="margin-right:10px"
    >
      <span
        class="md-radio md-radio-small"
      >
        <input
          type="radio"
          value="r1"
        />
        <span
          class="md-radio-inner"
        />
      </span>
      <span
        style="cursor:pointer"
      >
        Radio1
      </span>
    </label>
    <label
      class="md-radio-wrapper"
    >
      <span
        class="md-radio md-radio-small md-radio-checked"
      >
        <input
          checked=""
          type="radio"
          value="r2"
        />
        <span
          class="md-radio-inner"
        />
      </span>
      <span
        style="cursor:pointer"
      >
        Radio2
      </span>
    </label>
  </div>
</div>
`;
